// Jest Snapshot v1, https://goo.gl/fbAQLP

exports[`Aside should match snapshot 1`] = `
<aside>
  <p>
    Hillary
  </p>
  <button
    onClick={[MockFunction]}
  >
    See saved answers
  </button>
</aside>
`;
